// Jest Snapshot v1, https://goo.gl/fbAQLP

exports[`Leaderboard will match with snapshot 1`] = `
Object {
  "asFragment": [Function],
  "baseElement": <body>
    <div>
      <div
        class="table-container"
      >
        <table>
          <thead>
            <tr>
              <th>
                Users
              </th>
              <th>
                Created
              </th>
              <th>
                Answered
              </th>
            </tr>
          </thead>
          <tbody>
            <tr>
              <td>
                <div
                  class="user-data"
                >
                  <img
                    alt="Avatar"
                    class="leaderboard-avatar"
                    src="/images/employee2.jpg"
                  />
                  <div>
                    <h4>
                      <b>
                        Sarah Edo
                      </b>
                    </h4>
                    <p
                      class="secondary-txt"
                    >
                      sarahedo
                    </p>
                  </div>
                </div>
              </td>
              <td>
                2
              </td>
              <td>
                4
              </td>
            </tr>
            <tr
              style="color: rgb(88, 133, 221);"
            >
              <td>
                <div
                  class="user-data"
                >
                  <img
                    alt="Avatar"
                    class="leaderboard-avatar"
                    src="/images/employee1.jpg"
                  />
                  <div>
                    <h4>
                      <b>
                        Mike Tsamis
                      </b>
                    </h4>
                    <p
                      class="secondary-txt"
                      style="color: rgb(88, 133, 221);"
                    >
                      mtsamis
                    </p>
                  </div>
                </div>
              </td>
              <td>
                2
              </td>
              <td>
                3
              </td>
            </tr>
            <tr>
              <td>
                <div
                  class="user-data"
                >
                  <img
                    alt="Avatar"
                    class="leaderboard-avatar"
                    src="/images/employee3.jpg"
                  />
                  <div>
                    <h4>
                      <b>
                        Tyler McGinnis
                      </b>
                    </h4>
                    <p
                      class="secondary-txt"
                    >
                      tylermcginnis
                    </p>
                  </div>
                </div>
              </td>
              <td>
                2
              </td>
              <td>
                2
              </td>
            </tr>
            <tr>
              <td>
                <div
                  class="user-data"
                >
                  <img
                    alt="Avatar"
                    class="leaderboard-avatar"
                    src="/images/employee4.jpg"
                  />
                  <div>
                    <h4>
                      <b>
                        Zenobia Oshikanlu
                      </b>
                    </h4>
                    <p
                      class="secondary-txt"
                    >
                      zoshikanlu
                    </p>
                  </div>
                </div>
              </td>
              <td>
                0
              </td>
              <td>
                1
              </td>
            </tr>
          </tbody>
        </table>
      </div>
    </div>
  </body>,
  "container": <div>
    <div
      class="table-container"
    >
      <table>
        <thead>
          <tr>
            <th>
              Users
            </th>
            <th>
              Created
            </th>
            <th>
              Answered
            </th>
          </tr>
        </thead>
        <tbody>
          <tr>
            <td>
              <div
                class="user-data"
              >
                <img
                  alt="Avatar"
                  class="leaderboard-avatar"
                  src="/images/employee2.jpg"
                />
                <div>
                  <h4>
                    <b>
                      Sarah Edo
                    </b>
                  </h4>
                  <p
                    class="secondary-txt"
                  >
                    sarahedo
                  </p>
                </div>
              </div>
            </td>
            <td>
              2
            </td>
            <td>
              4
            </td>
          </tr>
          <tr
            style="color: rgb(88, 133, 221);"
          >
            <td>
              <div
                class="user-data"
              >
                <img
                  alt="Avatar"
                  class="leaderboard-avatar"
                  src="/images/employee1.jpg"
                />
                <div>
                  <h4>
                    <b>
                      Mike Tsamis
                    </b>
                  </h4>
                  <p
                    class="secondary-txt"
                    style="color: rgb(88, 133, 221);"
                  >
                    mtsamis
                  </p>
                </div>
              </div>
            </td>
            <td>
              2
            </td>
            <td>
              3
            </td>
          </tr>
          <tr>
            <td>
              <div
                class="user-data"
              >
                <img
                  alt="Avatar"
                  class="leaderboard-avatar"
                  src="/images/employee3.jpg"
                />
                <div>
                  <h4>
                    <b>
                      Tyler McGinnis
                    </b>
                  </h4>
                  <p
                    class="secondary-txt"
                  >
                    tylermcginnis
                  </p>
                </div>
              </div>
            </td>
            <td>
              2
            </td>
            <td>
              2
            </td>
          </tr>
          <tr>
            <td>
              <div
                class="user-data"
              >
                <img
                  alt="Avatar"
                  class="leaderboard-avatar"
                  src="/images/employee4.jpg"
                />
                <div>
                  <h4>
                    <b>
                      Zenobia Oshikanlu
                    </b>
                  </h4>
                  <p
                    class="secondary-txt"
                  >
                    zoshikanlu
                  </p>
                </div>
              </div>
            </td>
            <td>
              0
            </td>
            <td>
              1
            </td>
          </tr>
        </tbody>
      </table>
    </div>
  </div>,
  "debug": [Function],
  "findAllByAltText": [Function],
  "findAllByDisplayValue": [Function],
  "findAllByLabelText": [Function],
  "findAllByPlaceholderText": [Function],
  "findAllByRole": [Function],
  "findAllByTestId": [Function],
  "findAllByText": [Function],
  "findAllByTitle": [Function],
  "findByAltText": [Function],
  "findByDisplayValue": [Function],
  "findByLabelText": [Function],
  "findByPlaceholderText": [Function],
  "findByRole": [Function],
  "findByTestId": [Function],
  "findByText": [Function],
  "findByTitle": [Function],
  "getAllByAltText": [Function],
  "getAllByDisplayValue": [Function],
  "getAllByLabelText": [Function],
  "getAllByPlaceholderText": [Function],
  "getAllByRole": [Function],
  "getAllByTestId": [Function],
  "getAllByText": [Function],
  "getAllByTitle": [Function],
  "getByAltText": [Function],
  "getByDisplayValue": [Function],
  "getByLabelText": [Function],
  "getByPlaceholderText": [Function],
  "getByRole": [Function],
  "getByTestId": [Function],
  "getByText": [Function],
  "getByTitle": [Function],
  "queryAllByAltText": [Function],
  "queryAllByDisplayValue": [Function],
  "queryAllByLabelText": [Function],
  "queryAllByPlaceholderText": [Function],
  "queryAllByRole": [Function],
  "queryAllByTestId": [Function],
  "queryAllByText": [Function],
  "queryAllByTitle": [Function],
  "queryByAltText": [Function],
  "queryByDisplayValue": [Function],
  "queryByLabelText": [Function],
  "queryByPlaceholderText": [Function],
  "queryByRole": [Function],
  "queryByTestId": [Function],
  "queryByText": [Function],
  "queryByTitle": [Function],
  "rerender": [Function],
  "unmount": [Function],
}
`;
